[2m2026-04-20T11:57:52.454578Z[0m [32m INFO[0m [2mspalst_source::structs::logger[0m[2m:[0m Started logging at 2026-04-20_13-57-52
[2m2026-04-20T11:57:52.454609Z[0m [32m INFO[0m [2mspalst_source::structs::logger[0m[2m:[0m Log path is /home/stefan/coding/rust/Spalst_new/logs/2026-04-20_13-57-52_local_time.log
[2m2026-04-20T11:57:52.454634Z[0m [32m INFO[0m [2mspalst_source::structs::logger[0m[2m:[0m Set up to not delete the current log after the program finishes.
[2m2026-04-20T11:57:52.454995Z[0m [34mDEBUG[0m [1mclean_previous_logs[0m[2m:[0m [2mspalst_source::structs::logger[0m[2m:[0m Removed previous log /home/stefan/coding/rust/Spalst_new/logs/2026-04-17_19-24-34_local_time.log
[2m2026-04-20T11:57:52.455025Z[0m [32m INFO[0m [1mclean_previous_logs[0m[2m:[0m [2mspalst_source::structs::logger[0m[2m:[0m Removed all previous logs.
[2m2026-04-20T11:57:52.456079Z[0m [35mTRACE[0m [2mmio::poll[0m[2m:[0m registering event source with poller: token=Token(0), interests=READABLE
[2m2026-04-20T11:57:52.456149Z[0m [35mTRACE[0m [2mmio::poll[0m[2m:[0m registering event source with poller: token=Token(1), interests=READABLE
[2m2026-04-20T11:57:52.457147Z[0m [34mDEBUG[0m [1mrun[0m[2m:[0m[1mtick[0m[2m:[0m [2mspalst_source::structs::app::tick[0m[2m:[0m No Event in current tick. Passing AppEvent::Tick to MenuThing...
[2m2026-04-20T11:57:52.457180Z[0m [34mDEBUG[0m [1mrun[0m[2m:[0m[1mtick[0m[2m:[0m[1mhandle_app_event[0m[1m{[0m[3mapp_event[0m[2m=[0mTick[1m}[0m[2m:[0m [2mspalst_source::structs::app::handle_action[0m[2m:[0m Got AppEvent, passing to MenuThing...
[2m2026-04-20T11:57:52.457201Z[0m [35mTRACE[0m [1mrun[0m[2m:[0m[1mtick[0m[2m:[0m[1mhandle_app_event[0m[1m{[0m[3mapp_event[0m[2m=[0mTick[1m}[0m[2m:[0m [2mspalst_source::structs::app::handle_action[0m[2m:[0m Finished handling Event. Got Option<Action> None.
[2m2026-04-20T11:57:52.557223Z[0m [34mDEBUG[0m [1mrun[0m[2m:[0m[1mtick[0m[2m:[0m [2mspalst_source::structs::app::tick[0m[2m:[0m No Event in current tick. Passing AppEvent::Tick to MenuThing...
[2m2026-04-20T11:57:52.557279Z[0m [34mDEBUG[0m [1mrun[0m[2m:[0m[1mtick[0m[2m:[0m[1mhandle_app_event[0m[1m{[0m[3mapp_event[0m[2m=[0mTick[1m}[0m[2m:[0m [2mspalst_source::structs::app::handle_action[0m[2m:[0m Got AppEvent, passing to MenuThing...
[2m2026-04-20T11:57:52.557306Z[0m [35mTRACE[0m [1mrun[0m[2m:[0m[1mtick[0m[2m:[0m[1mhandle_app_event[0m[1m{[0m[3mapp_event[0m[2m=[0mTick[1m}[0m[2m:[0m [2mspalst_source::structs::app::handle_action[0m[2m:[0m Finished handling Event. Got Option<Action> None.
[2m2026-04-20T11:57:52.657120Z[0m [34mDEBUG[0m [1mrun[0m[2m:[0m[1mtick[0m[2m:[0m [2mspalst_source::structs::app::tick[0m[2m:[0m No Event in current tick. Passing AppEvent::Tick to MenuThing...
[2m2026-04-20T11:57:52.657171Z[0m [34mDEBUG[0m [1mrun[0m[2m:[0m[1mtick[0m[2m:[0m[1mhandle_app_event[0m[1m{[0m[3mapp_event[0m[2m=[0mTick[1m}[0m[2m:[0m [2mspalst_source::structs::app::handle_action[0m[2m:[0m Got AppEvent, passing to MenuThing...
[2m2026-04-20T11:57:52.657194Z[0m [35mTRACE[0m [1mrun[0m[2m:[0m[1mtick[0m[2m:[0m[1mhandle_app_event[0m[1m{[0m[3mapp_event[0m[2m=[0mTick[1m}[0m[2m:[0m [2mspalst_source::structs::app::handle_action[0m[2m:[0m Finished handling Event. Got Option<Action> None.
[2m2026-04-20T11:57:52.756853Z[0m [34mDEBUG[0m [1mrun[0m[2m:[0m[1mtick[0m[2m:[0m [2mspalst_source::structs::app::tick[0m[2m:[0m No Event in current tick. Passing AppEvent::Tick to MenuThing...
[2m2026-04-20T11:57:52.756909Z[0m [34mDEBUG[0m [1mrun[0m[2m:[0m[1mtick[0m[2m:[0m[1mhandle_app_event[0m[1m{[0m[3mapp_event[0m[2m=[0mTick[1m}[0m[2m:[0m [2mspalst_source::structs::app::handle_action[0m[2m:[0m Got AppEvent, passing to MenuThing...
[2m2026-04-20T11:57:52.756936Z[0m [35mTRACE[0m [1mrun[0m[2m:[0m[1mtick[0m[2m:[0m[1mhandle_app_event[0m[1m{[0m[3mapp_event[0m[2m=[0mTick[1m}[0m[2m:[0m [2mspalst_source::structs::app::handle_action[0m[2m:[0m Finished handling Event. Got Option<Action> None.
[2m2026-04-20T11:57:52.857253Z[0m [34mDEBUG[0m [1mrun[0m[2m:[0m[1mtick[0m[2m:[0m [2mspalst_source::structs::app::tick[0m[2m:[0m No Event in current tick. Passing AppEvent::Tick to MenuThing...
[2m2026-04-20T11:57:52.857317Z[0m [34mDEBUG[0m [1mrun[0m[2m:[0m[1mtick[0m[2m:[0m[1mhandle_app_event[0m[1m{[0m[3mapp_event[0m[2m=[0mTick[1m}[0m[2m:[0m [2mspalst_source::structs::app::handle_action[0m[2m:[0m Got AppEvent, passing to MenuThing...
[2m2026-04-20T11:57:52.857341Z[0m [35mTRACE[0m [1mrun[0m[2m:[0m[1mtick[0m[2m:[0m[1mhandle_app_event[0m[1m{[0m[3mapp_event[0m[2m=[0mTick[1m}[0m[2m:[0m [2mspalst_source::structs::app::handle_action[0m[2m:[0m Finished handling Event. Got Option<Action> None.
[2m2026-04-20T11:57:52.957426Z[0m [34mDEBUG[0m [1mrun[0m[2m:[0m[1mtick[0m[2m:[0m [2mspalst_source::structs::app::tick[0m[2m:[0m No Event in current tick. Passing AppEvent::Tick to MenuThing...
[2m2026-04-20T11:57:52.957489Z[0m [34mDEBUG[0m [1mrun[0m[2m:[0m[1mtick[0m[2m:[0m[1mhandle_app_event[0m[1m{[0m[3mapp_event[0m[2m=[0mTick[1m}[0m[2m:[0m [2mspalst_source::structs::app::handle_action[0m[2m:[0m Got AppEvent, passing to MenuThing...
[2m2026-04-20T11:57:52.957517Z[0m [35mTRACE[0m [1mrun[0m[2m:[0m[1mtick[0m[2m:[0m[1mhandle_app_event[0m[1m{[0m[3mapp_event[0m[2m=[0mTick[1m}[0m[2m:[0m [2mspalst_source::structs::app::handle_action[0m[2m:[0m Finished handling Event. Got Option<Action> None.
[2m2026-04-20T11:57:53.057817Z[0m [34mDEBUG[0m [1mrun[0m[2m:[0m[1mtick[0m[2m:[0m [2mspalst_source::structs::app::tick[0m[2m:[0m No Event in current tick. Passing AppEvent::Tick to MenuThing...
[2m2026-04-20T11:57:53.057911Z[0m [34mDEBUG[0m [1mrun[0m[2m:[0m[1mtick[0m[2m:[0m[1mhandle_app_event[0m[1m{[0m[3mapp_event[0m[2m=[0mTick[1m}[0m[2m:[0m [2mspalst_source::structs::app::handle_action[0m[2m:[0m Got AppEvent, passing to MenuThing...
[2m2026-04-20T11:57:53.057945Z[0m [35mTRACE[0m [1mrun[0m[2m:[0m[1mtick[0m[2m:[0m[1mhandle_app_event[0m[1m{[0m[3mapp_event[0m[2m=[0mTick[1m}[0m[2m:[0m [2mspalst_source::structs::app::handle_action[0m[2m:[0m Finished handling Event. Got Option<Action> None.
[2m2026-04-20T11:57:53.157254Z[0m [34mDEBUG[0m [1mrun[0m[2m:[0m[1mtick[0m[2m:[0m [2mspalst_source::structs::app::tick[0m[2m:[0m No Event in current tick. Passing AppEvent::Tick to MenuThing...
[2m2026-04-20T11:57:53.157346Z[0m [34mDEBUG[0m [1mrun[0m[2m:[0m[1mtick[0m[2m:[0m[1mhandle_app_event[0m[1m{[0m[3mapp_event[0m[2m=[0mTick[1m}[0m[2m:[0m [2mspalst_source::structs::app::handle_action[0m[2m:[0m Got AppEvent, passing to MenuThing...
[2m2026-04-20T11:57:53.157380Z[0m [35mTRACE[0m [1mrun[0m[2m:[0m[1mtick[0m[2m:[0m[1mhandle_app_event[0m[1m{[0m[3mapp_event[0m[2m=[0mTick[1m}[0m[2m:[0m [2mspalst_source::structs::app::handle_action[0m[2m:[0m Finished handling Event. Got Option<Action> None.
[2m2026-04-20T11:57:53.257894Z[0m [34mDEBUG[0m [1mrun[0m[2m:[0m[1mtick[0m[2m:[0m [2mspalst_source::structs::app::tick[0m[2m:[0m No Event in current tick. Passing AppEvent::Tick to MenuThing...
[2m2026-04-20T11:57:53.257986Z[0m [34mDEBUG[0m [1mrun[0m[2m:[0m[1mtick[0m[2m:[0m[1mhandle_app_event[0m[1m{[0m[3mapp_event[0m[2m=[0mTick[1m}[0m[2m:[0m [2mspalst_source::structs::app::handle_action[0m[2m:[0m Got AppEvent, passing to MenuThing...
[2m2026-04-20T11:57:53.258019Z[0m [35mTRACE[0m [1mrun[0m[2m:[0m[1mtick[0m[2m:[0m[1mhandle_app_event[0m[1m{[0m[3mapp_event[0m[2m=[0mTick[1m}[0m[2m:[0m [2mspalst_source::structs::app::handle_action[0m[2m:[0m Finished handling Event. Got Option<Action> None.
[2m2026-04-20T11:57:53.357069Z[0m [34mDEBUG[0m [1mrun[0m[2m:[0m[1mtick[0m[2m:[0m [2mspalst_source::structs::app::tick[0m[2m:[0m No Event in current tick. Passing AppEvent::Tick to MenuThing...
[2m2026-04-20T11:57:53.357136Z[0m [34mDEBUG[0m [1mrun[0m[2m:[0m[1mtick[0m[2m:[0m[1mhandle_app_event[0m[1m{[0m[3mapp_event[0m[2m=[0mTick[1m}[0m[2m:[0m [2mspalst_source::structs::app::handle_action[0m[2m:[0m Got AppEvent, passing to MenuThing...
[2m2026-04-20T11:57:53.357172Z[0m [35mTRACE[0m [1mrun[0m[2m:[0m[1mtick[0m[2m:[0m[1mhandle_app_event[0m[1m{[0m[3mapp_event[0m[2m=[0mTick[1m}[0m[2m:[0m [2mspalst_source::structs::app::handle_action[0m[2m:[0m Finished handling Event. Got Option<Action> None.
[2m2026-04-20T11:57:53.457470Z[0m [34mDEBUG[0m [1mrun[0m[2m:[0m[1mtick[0m[2m:[0m [2mspalst_source::structs::app::tick[0m[2m:[0m No Event in current tick. Passing AppEvent::Tick to MenuThing...
[2m2026-04-20T11:57:53.457563Z[0m [34mDEBUG[0m [1mrun[0m[2m:[0m[1mtick[0m[2m:[0m[1mhandle_app_event[0m[1m{[0m[3mapp_event[0m[2m=[0mTick[1m}[0m[2m:[0m [2mspalst_source::structs::app::handle_action[0m[2m:[0m Got AppEvent, passing to MenuThing...
[2m2026-04-20T11:57:53.457596Z[0m [35mTRACE[0m [1mrun[0m[2m:[0m[1mtick[0m[2m:[0m[1mhandle_app_event[0m[1m{[0m[3mapp_event[0m[2m=[0mTick[1m}[0m[2m:[0m [2mspalst_source::structs::app::handle_action[0m[2m:[0m Finished handling Event. Got Option<Action> None.
[2m2026-04-20T11:57:53.557809Z[0m [34mDEBUG[0m [1mrun[0m[2m:[0m[1mtick[0m[2m:[0m [2mspalst_source::structs::app::tick[0m[2m:[0m No Event in current tick. Passing AppEvent::Tick to MenuThing...
[2m2026-04-20T11:57:53.557935Z[0m [34mDEBUG[0m [1mrun[0m[2m:[0m[1mtick[0m[2m:[0m[1mhandle_app_event[0m[1m{[0m[3mapp_event[0m[2m=[0mTick[1m}[0m[2m:[0m [2mspalst_source::structs::app::handle_action[0m[2m:[0m Got AppEvent, passing to MenuThing...
[2m2026-04-20T11:57:53.557971Z[0m [35mTRACE[0m [1mrun[0m[2m:[0m[1mtick[0m[2m:[0m[1mhandle_app_event[0m[1m{[0m[3mapp_event[0m[2m=[0mTick[1m}[0m[2m:[0m [2mspalst_source::structs::app::handle_action[0m[2m:[0m Finished handling Event. Got Option<Action> None.
[2m2026-04-20T11:57:53.657391Z[0m [34mDEBUG[0m [1mrun[0m[2m:[0m[1mtick[0m[2m:[0m [2mspalst_source::structs::app::tick[0m[2m:[0m No Event in current tick. Passing AppEvent::Tick to MenuThing...
[2m2026-04-20T11:57:53.657483Z[0m [34mDEBUG[0m [1mrun[0m[2m:[0m[1mtick[0m[2m:[0m[1mhandle_app_event[0m[1m{[0m[3mapp_event[0m[2m=[0mTick[1m}[0m[2m:[0m [2mspalst_source::structs::app::handle_action[0m[2m:[0m Got AppEvent, passing to MenuThing...
[2m2026-04-20T11:57:53.657516Z[0m [35mTRACE[0m [1mrun[0m[2m:[0m[1mtick[0m[2m:[0m[1mhandle_app_event[0m[1m{[0m[3mapp_event[0m[2m=[0mTick[1m}[0m[2m:[0m [2mspalst_source::structs::app::handle_action[0m[2m:[0m Finished handling Event. Got Option<Action> None.
[2m2026-04-20T11:57:53.757985Z[0m [34mDEBUG[0m [1mrun[0m[2m:[0m[1mtick[0m[2m:[0m [2mspalst_source::structs::app::tick[0m[2m:[0m No Event in current tick. Passing AppEvent::Tick to MenuThing...
[2m2026-04-20T11:57:53.758077Z[0m [34mDEBUG[0m [1mrun[0m[2m:[0m[1mtick[0m[2m:[0m[1mhandle_app_event[0m[1m{[0m[3mapp_event[0m[2m=[0mTick[1m}[0m[2m:[0m [2mspalst_source::structs::app::handle_action[0m[2m:[0m Got AppEvent, passing to MenuThing...
[2m2026-04-20T11:57:53.758112Z[0m [35mTRACE[0m [1mrun[0m[2m:[0m[1mtick[0m[2m:[0m[1mhandle_app_event[0m[1m{[0m[3mapp_event[0m[2m=[0mTick[1m}[0m[2m:[0m [2mspalst_source::structs::app::handle_action[0m[2m:[0m Finished handling Event. Got Option<Action> None.
[2m2026-04-20T11:57:53.857161Z[0m [34mDEBUG[0m [1mrun[0m[2m:[0m[1mtick[0m[2m:[0m [2mspalst_source::structs::app::tick[0m[2m:[0m No Event in current tick. Passing AppEvent::Tick to MenuThing...
[2m2026-04-20T11:57:53.857252Z[0m [34mDEBUG[0m [1mrun[0m[2m:[0m[1mtick[0m[2m:[0m[1mhandle_app_event[0m[1m{[0m[3mapp_event[0m[2m=[0mTick[1m}[0m[2m:[0m [2mspalst_source::structs::app::handle_action[0m[2m:[0m Got AppEvent, passing to MenuThing...
[2m2026-04-20T11:57:53.857306Z[0m [35mTRACE[0m [1mrun[0m[2m:[0m[1mtick[0m[2m:[0m[1mhandle_app_event[0m[1m{[0m[3mapp_event[0m[2m=[0mTick[1m}[0m[2m:[0m [2mspalst_source::structs::app::handle_action[0m[2m:[0m Finished handling Event. Got Option<Action> None.
[2m2026-04-20T11:57:53.957773Z[0m [34mDEBUG[0m [1mrun[0m[2m:[0m[1mtick[0m[2m:[0m [2mspalst_source::structs::app::tick[0m[2m:[0m No Event in current tick. Passing AppEvent::Tick to MenuThing...
[2m2026-04-20T11:57:53.957866Z[0m [34mDEBUG[0m [1mrun[0m[2m:[0m[1mtick[0m[2m:[0m[1mhandle_app_event[0m[1m{[0m[3mapp_event[0m[2m=[0mTick[1m}[0m[2m:[0m [2mspalst_source::structs::app::handle_action[0m[2m:[0m Got AppEvent, passing to MenuThing...
[2m2026-04-20T11:57:53.957900Z[0m [35mTRACE[0m [1mrun[0m[2m:[0m[1mtick[0m[2m:[0m[1mhandle_app_event[0m[1m{[0m[3mapp_event[0m[2m=[0mTick[1m}[0m[2m:[0m [2mspalst_source::structs::app::handle_action[0m[2m:[0m Finished handling Event. Got Option<Action> None.
[2m2026-04-20T11:57:54.056853Z[0m [34mDEBUG[0m [1mrun[0m[2m:[0m[1mtick[0m[2m:[0m [2mspalst_source::structs::app::tick[0m[2m:[0m No Event in current tick. Passing AppEvent::Tick to MenuThing...
[2m2026-04-20T11:57:54.056947Z[0m [34mDEBUG[0m [1mrun[0m[2m:[0m[1mtick[0m[2m:[0m[1mhandle_app_event[0m[1m{[0m[3mapp_event[0m[2m=[0mTick[1m}[0m[2m:[0m [2mspalst_source::structs::app::handle_action[0m[2m:[0m Got AppEvent, passing to MenuThing...
[2m2026-04-20T11:57:54.056981Z[0m [35mTRACE[0m [1mrun[0m[2m:[0m[1mtick[0m[2m:[0m[1mhandle_app_event[0m[1m{[0m[3mapp_event[0m[2m=[0mTick[1m}[0m[2m:[0m [2mspalst_source::structs::app::handle_action[0m[2m:[0m Finished handling Event. Got Option<Action> None.
[2m2026-04-20T11:57:54.157442Z[0m [34mDEBUG[0m [1mrun[0m[2m:[0m[1mtick[0m[2m:[0m [2mspalst_source::structs::app::tick[0m[2m:[0m No Event in current tick. Passing AppEvent::Tick to MenuThing...
[2m2026-04-20T11:57:54.157534Z[0m [34mDEBUG[0m [1mrun[0m[2m:[0m[1mtick[0m[2m:[0m[1mhandle_app_event[0m[1m{[0m[3mapp_event[0m[2m=[0mTick[1m}[0m[2m:[0m [2mspalst_source::structs::app::handle_action[0m[2m:[0m Got AppEvent, passing to MenuThing...
[2m2026-04-20T11:57:54.157568Z[0m [35mTRACE[0m [1mrun[0m[2m:[0m[1mtick[0m[2m:[0m[1mhandle_app_event[0m[1m{[0m[3mapp_event[0m[2m=[0mTick[1m}[0m[2m:[0m [2mspalst_source::structs::app::handle_action[0m[2m:[0m Finished handling Event. Got Option<Action> None.
[2m2026-04-20T11:57:54.257187Z[0m [34mDEBUG[0m [1mrun[0m[2m:[0m[1mtick[0m[2m:[0m [2mspalst_source::structs::app::tick[0m[2m:[0m No Event in current tick. Passing AppEvent::Tick to MenuThing...
[2m2026-04-20T11:57:54.257280Z[0m [34mDEBUG[0m [1mrun[0m[2m:[0m[1mtick[0m[2m:[0m[1mhandle_app_event[0m[1m{[0m[3mapp_event[0m[2m=[0mTick[1m}[0m[2m:[0m [2mspalst_source::structs::app::handle_action[0m[2m:[0m Got AppEvent, passing to MenuThing...
[2m2026-04-20T11:57:54.257313Z[0m [35mTRACE[0m [1mrun[0m[2m:[0m[1mtick[0m[2m:[0m[1mhandle_app_event[0m[1m{[0m[3mapp_event[0m[2m=[0mTick[1m}[0m[2m:[0m [2mspalst_source::structs::app::handle_action[0m[2m:[0m Finished handling Event. Got Option<Action> None.
[2m2026-04-20T11:57:54.357828Z[0m [34mDEBUG[0m [1mrun[0m[2m:[0m[1mtick[0m[2m:[0m [2mspalst_source::structs::app::tick[0m[2m:[0m No Event in current tick. Passing AppEvent::Tick to MenuThing...
[2m2026-04-20T11:57:54.357920Z[0m [34mDEBUG[0m [1mrun[0m[2m:[0m[1mtick[0m[2m:[0m[1mhandle_app_event[0m[1m{[0m[3mapp_event[0m[2m=[0mTick[1m}[0m[2m:[0m [2mspalst_source::structs::app::handle_action[0m[2m:[0m Got AppEvent, passing to MenuThing...
[2m2026-04-20T11:57:54.357953Z[0m [35mTRACE[0m [1mrun[0m[2m:[0m[1mtick[0m[2m:[0m[1mhandle_app_event[0m[1m{[0m[3mapp_event[0m[2m=[0mTick[1m}[0m[2m:[0m [2mspalst_source::structs::app::handle_action[0m[2m:[0m Finished handling Event. Got Option<Action> None.
[2m2026-04-20T11:57:54.457523Z[0m [34mDEBUG[0m [1mrun[0m[2m:[0m[1mtick[0m[2m:[0m [2mspalst_source::structs::app::tick[0m[2m:[0m No Event in current tick. Passing AppEvent::Tick to MenuThing...
[2m2026-04-20T11:57:54.457651Z[0m [34mDEBUG[0m [1mrun[0m[2m:[0m[1mtick[0m[2m:[0m[1mhandle_app_event[0m[1m{[0m[3mapp_event[0m[2m=[0mTick[1m}[0m[2m:[0m [2mspalst_source::structs::app::handle_action[0m[2m:[0m Got AppEvent, passing to MenuThing...
[2m2026-04-20T11:57:54.457689Z[0m [35mTRACE[0m [1mrun[0m[2m:[0m[1mtick[0m[2m:[0m[1mhandle_app_event[0m[1m{[0m[3mapp_event[0m[2m=[0mTick[1m}[0m[2m:[0m [2mspalst_source::structs::app::handle_action[0m[2m:[0m Finished handling Event. Got Option<Action> None.
[2m2026-04-20T11:57:54.557165Z[0m [34mDEBUG[0m [1mrun[0m[2m:[0m[1mtick[0m[2m:[0m [2mspalst_source::structs::app::tick[0m[2m:[0m No Event in current tick. Passing AppEvent::Tick to MenuThing...
[2m2026-04-20T11:57:54.557287Z[0m [34mDEBUG[0m [1mrun[0m[2m:[0m[1mtick[0m[2m:[0m[1mhandle_app_event[0m[1m{[0m[3mapp_event[0m[2m=[0mTick[1m}[0m[2m:[0m [2mspalst_source::structs::app::handle_action[0m[2m:[0m Got AppEvent, passing to MenuThing...
[2m2026-04-20T11:57:54.557322Z[0m [35mTRACE[0m [1mrun[0m[2m:[0m[1mtick[0m[2m:[0m[1mhandle_app_event[0m[1m{[0m[3mapp_event[0m[2m=[0mTick[1m}[0m[2m:[0m [2mspalst_source::structs::app::handle_action[0m[2m:[0m Finished handling Event. Got Option<Action> None.
[2m2026-04-20T11:57:54.657411Z[0m [34mDEBUG[0m [1mrun[0m[2m:[0m[1mtick[0m[2m:[0m [2mspalst_source::structs::app::tick[0m[2m:[0m No Event in current tick. Passing AppEvent::Tick to MenuThing...
[2m2026-04-20T11:57:54.657480Z[0m [34mDEBUG[0m [1mrun[0m[2m:[0m[1mtick[0m[2m:[0m[1mhandle_app_event[0m[1m{[0m[3mapp_event[0m[2m=[0mTick[1m}[0m[2m:[0m [2mspalst_source::structs::app::handle_action[0m[2m:[0m Got AppEvent, passing to MenuThing...
[2m2026-04-20T11:57:54.657507Z[0m [35mTRACE[0m [1mrun[0m[2m:[0m[1mtick[0m[2m:[0m[1mhandle_app_event[0m[1m{[0m[3mapp_event[0m[2m=[0mTick[1m}[0m[2m:[0m [2mspalst_source::structs::app::handle_action[0m[2m:[0m Finished handling Event. Got Option<Action> None.
[2m2026-04-20T11:57:54.757857Z[0m [34mDEBUG[0m [1mrun[0m[2m:[0m[1mtick[0m[2m:[0m [2mspalst_source::structs::app::tick[0m[2m:[0m No Event in current tick. Passing AppEvent::Tick to MenuThing...
[2m2026-04-20T11:57:54.757949Z[0m [34mDEBUG[0m [1mrun[0m[2m:[0m[1mtick[0m[2m:[0m[1mhandle_app_event[0m[1m{[0m[3mapp_event[0m[2m=[0mTick[1m}[0m[2m:[0m [2mspalst_source::structs::app::handle_action[0m[2m:[0m Got AppEvent, passing to MenuThing...
[2m2026-04-20T11:57:54.757983Z[0m [35mTRACE[0m [1mrun[0m[2m:[0m[1mtick[0m[2m:[0m[1mhandle_app_event[0m[1m{[0m[3mapp_event[0m[2m=[0mTick[1m}[0m[2m:[0m [2mspalst_source::structs::app::handle_action[0m[2m:[0m Finished handling Event. Got Option<Action> None.
[2m2026-04-20T11:57:54.857516Z[0m [34mDEBUG[0m [1mrun[0m[2m:[0m[1mtick[0m[2m:[0m [2mspalst_source::structs::app::tick[0m[2m:[0m No Event in current tick. Passing AppEvent::Tick to MenuThing...
[2m2026-04-20T11:57:54.857608Z[0m [34mDEBUG[0m [1mrun[0m[2m:[0m[1mtick[0m[2m:[0m[1mhandle_app_event[0m[1m{[0m[3mapp_event[0m[2m=[0mTick[1m}[0m[2m:[0m [2mspalst_source::structs::app::handle_action[0m[2m:[0m Got AppEvent, passing to MenuThing...
[2m2026-04-20T11:57:54.857661Z[0m [35mTRACE[0m [1mrun[0m[2m:[0m[1mtick[0m[2m:[0m[1mhandle_app_event[0m[1m{[0m[3mapp_event[0m[2m=[0mTick[1m}[0m[2m:[0m [2mspalst_source::structs::app::handle_action[0m[2m:[0m Finished handling Event. Got Option<Action> None.
[2m2026-04-20T11:57:54.957673Z[0m [34mDEBUG[0m [1mrun[0m[2m:[0m[1mtick[0m[2m:[0m [2mspalst_source::structs::app::tick[0m[2m:[0m No Event in current tick. Passing AppEvent::Tick to MenuThing...
[2m2026-04-20T11:57:54.957776Z[0m [34mDEBUG[0m [1mrun[0m[2m:[0m[1mtick[0m[2m:[0m[1mhandle_app_event[0m[1m{[0m[3mapp_event[0m[2m=[0mTick[1m}[0m[2m:[0m [2mspalst_source::structs::app::handle_action[0m[2m:[0m Got AppEvent, passing to MenuThing...
[2m2026-04-20T11:57:54.957821Z[0m [35mTRACE[0m [1mrun[0m[2m:[0m[1mtick[0m[2m:[0m[1mhandle_app_event[0m[1m{[0m[3mapp_event[0m[2m=[0mTick[1m}[0m[2m:[0m [2mspalst_source::structs::app::handle_action[0m[2m:[0m Finished handling Event. Got Option<Action> None.
[2m2026-04-20T11:57:55.057135Z[0m [34mDEBUG[0m [1mrun[0m[2m:[0m[1mtick[0m[2m:[0m[1mhandle_app_event[0m[1m{[0m[3mapp_event[0m[2m=[0mEvent(Key(KeyEvent { code: Char('h'), modifiers: KeyModifiers(0x0), kind: Press, state: KeyEventState(0x0) }))[1m}[0m[2m:[0m [2mspalst_source::structs::app::handle_action[0m[2m:[0m Got AppEvent, passing to MenuThing...
[2m2026-04-20T11:57:55.057220Z[0m [35mTRACE[0m [1mrun[0m[2m:[0m[1mtick[0m[2m:[0m[1mhandle_app_event[0m[1m{[0m[3mapp_event[0m[2m=[0mEvent(Key(KeyEvent { code: Char('h'), modifiers: KeyModifiers(0x0), kind: Press, state: KeyEventState(0x0) }))[1m}[0m[2m:[0m [2mspalst_source::structs::app::handle_action[0m[2m:[0m Finished handling Event. Got Option<Action> None.
[2m2026-04-20T11:57:55.157839Z[0m [34mDEBUG[0m [1mrun[0m[2m:[0m[1mtick[0m[2m:[0m [2mspalst_source::structs::app::tick[0m[2m:[0m No Event in current tick. Passing AppEvent::Tick to MenuThing...
[2m2026-04-20T11:57:55.157932Z[0m [34mDEBUG[0m [1mrun[0m[2m:[0m[1mtick[0m[2m:[0m[1mhandle_app_event[0m[1m{[0m[3mapp_event[0m[2m=[0mTick[1m}[0m[2m:[0m [2mspalst_source::structs::app::handle_action[0m[2m:[0m Got AppEvent, passing to MenuThing...
[2m2026-04-20T11:57:55.157965Z[0m [35mTRACE[0m [1mrun[0m[2m:[0m[1mtick[0m[2m:[0m[1mhandle_app_event[0m[1m{[0m[3mapp_event[0m[2m=[0mTick[1m}[0m[2m:[0m [2mspalst_source::structs::app::handle_action[0m[2m:[0m Finished handling Event. Got Option<Action> None.
[2m2026-04-20T11:57:55.257479Z[0m [34mDEBUG[0m [1mrun[0m[2m:[0m[1mtick[0m[2m:[0m [2mspalst_source::structs::app::tick[0m[2m:[0m No Event in current tick. Passing AppEvent::Tick to MenuThing...
[2m2026-04-20T11:57:55.257571Z[0m [34mDEBUG[0m [1mrun[0m[2m:[0m[1mtick[0m[2m:[0m[1mhandle_app_event[0m[1m{[0m[3mapp_event[0m[2m=[0mTick[1m}[0m[2m:[0m [2mspalst_source::structs::app::handle_action[0m[2m:[0m Got AppEvent, passing to MenuThing...
[2m2026-04-20T11:57:55.257604Z[0m [35mTRACE[0m [1mrun[0m[2m:[0m[1mtick[0m[2m:[0m[1mhandle_app_event[0m[1m{[0m[3mapp_event[0m[2m=[0mTick[1m}[0m[2m:[0m [2mspalst_source::structs::app::handle_action[0m[2m:[0m Finished handling Event. Got Option<Action> None.
[2m2026-04-20T11:57:55.357111Z[0m [34mDEBUG[0m [1mrun[0m[2m:[0m[1mtick[0m[2m:[0m [2mspalst_source::structs::app::tick[0m[2m:[0m No Event in current tick. Passing AppEvent::Tick to MenuThing...
[2m2026-04-20T11:57:55.357203Z[0m [34mDEBUG[0m [1mrun[0m[2m:[0m[1mtick[0m[2m:[0m[1mhandle_app_event[0m[1m{[0m[3mapp_event[0m[2m=[0mTick[1m}[0m[2m:[0m [2mspalst_source::structs::app::handle_action[0m[2m:[0m Got AppEvent, passing to MenuThing...
[2m2026-04-20T11:57:55.357238Z[0m [35mTRACE[0m [1mrun[0m[2m:[0m[1mtick[0m[2m:[0m[1mhandle_app_event[0m[1m{[0m[3mapp_event[0m[2m=[0mTick[1m}[0m[2m:[0m [2mspalst_source::structs::app::handle_action[0m[2m:[0m Finished handling Event. Got Option<Action> None.
[2m2026-04-20T11:57:55.457832Z[0m [34mDEBUG[0m [1mrun[0m[2m:[0m[1mtick[0m[2m:[0m [2mspalst_source::structs::app::tick[0m[2m:[0m No Event in current tick. Passing AppEvent::Tick to MenuThing...
[2m2026-04-20T11:57:55.457923Z[0m [34mDEBUG[0m [1mrun[0m[2m:[0m[1mtick[0m[2m:[0m[1mhandle_app_event[0m[1m{[0m[3mapp_event[0m[2m=[0mTick[1m}[0m[2m:[0m [2mspalst_source::structs::app::handle_action[0m[2m:[0m Got AppEvent, passing to MenuThing...
[2m2026-04-20T11:57:55.457976Z[0m [35mTRACE[0m [1mrun[0m[2m:[0m[1mtick[0m[2m:[0m[1mhandle_app_event[0m[1m{[0m[3mapp_event[0m[2m=[0mTick[1m}[0m[2m:[0m [2mspalst_source::structs::app::handle_action[0m[2m:[0m Finished handling Event. Got Option<Action> None.
[2m2026-04-20T11:57:55.557467Z[0m [34mDEBUG[0m [1mrun[0m[2m:[0m[1mtick[0m[2m:[0m [2mspalst_source::structs::app::tick[0m[2m:[0m No Event in current tick. Passing AppEvent::Tick to MenuThing...
[2m2026-04-20T11:57:55.557559Z[0m [34mDEBUG[0m [1mrun[0m[2m:[0m[1mtick[0m[2m:[0m[1mhandle_app_event[0m[1m{[0m[3mapp_event[0m[2m=[0mTick[1m}[0m[2m:[0m [2mspalst_source::structs::app::handle_action[0m[2m:[0m Got AppEvent, passing to MenuThing...
[2m2026-04-20T11:57:55.557594Z[0m [35mTRACE[0m [1mrun[0m[2m:[0m[1mtick[0m[2m:[0m[1mhandle_app_event[0m[1m{[0m[3mapp_event[0m[2m=[0mTick[1m}[0m[2m:[0m [2mspalst_source::structs::app::handle_action[0m[2m:[0m Finished handling Event. Got Option<Action> None.
[2m2026-04-20T11:57:55.656955Z[0m [34mDEBUG[0m [1mrun[0m[2m:[0m[1mtick[0m[2m:[0m[1mhandle_app_event[0m[1m{[0m[3mapp_event[0m[2m=[0mEvent(Key(KeyEvent { code: Char('h'), modifiers: KeyModifiers(0x0), kind: Press, state: KeyEventState(0x0) }))[1m}[0m[2m:[0m [2mspalst_source::structs::app::handle_action[0m[2m:[0m Got AppEvent, passing to MenuThing...
[2m2026-04-20T11:57:55.657006Z[0m [35mTRACE[0m [1mrun[0m[2m:[0m[1mtick[0m[2m:[0m[1mhandle_app_event[0m[1m{[0m[3mapp_event[0m[2m=[0mEvent(Key(KeyEvent { code: Char('h'), modifiers: KeyModifiers(0x0), kind: Press, state: KeyEventState(0x0) }))[1m}[0m[2m:[0m [2mspalst_source::structs::app::handle_action[0m[2m:[0m Finished handling Event. Got Option<Action> None.
[2m2026-04-20T11:57:55.657059Z[0m [34mDEBUG[0m [1mrun[0m[2m:[0m[1mtick[0m[2m:[0m[1mhandle_app_event[0m[1m{[0m[3mapp_event[0m[2m=[0mEvent(Key(KeyEvent { code: Char('h'), modifiers: KeyModifiers(0x0), kind: Press, state: KeyEventState(0x0) }))[1m}[0m[2m:[0m [2mspalst_source::structs::app::handle_action[0m[2m:[0m Got AppEvent, passing to MenuThing...
[2m2026-04-20T11:57:55.657084Z[0m [35mTRACE[0m [1mrun[0m[2m:[0m[1mtick[0m[2m:[0m[1mhandle_app_event[0m[1m{[0m[3mapp_event[0m[2m=[0mEvent(Key(KeyEvent { code: Char('h'), modifiers: KeyModifiers(0x0), kind: Press, state: KeyEventState(0x0) }))[1m}[0m[2m:[0m [2mspalst_source::structs::app::handle_action[0m[2m:[0m Finished handling Event. Got Option<Action> None.
[2m2026-04-20T11:57:55.757578Z[0m [34mDEBUG[0m [1mrun[0m[2m:[0m[1mtick[0m[2m:[0m[1mhandle_app_event[0m[1m{[0m[3mapp_event[0m[2m=[0mEvent(Key(KeyEvent { code: Char('h'), modifiers: KeyModifiers(0x0), kind: Press, state: KeyEventState(0x0) }))[1m}[0m[2m:[0m [2mspalst_source::structs::app::handle_action[0m[2m:[0m Got AppEvent, passing to MenuThing...
[2m2026-04-20T11:57:55.757717Z[0m [35mTRACE[0m [1mrun[0m[2m:[0m[1mtick[0m[2m:[0m[1mhandle_app_event[0m[1m{[0m[3mapp_event[0m[2m=[0mEvent(Key(KeyEvent { code: Char('h'), modifiers: KeyModifiers(0x0), kind: Press, state: KeyEventState(0x0) }))[1m}[0m[2m:[0m [2mspalst_source::structs::app::handle_action[0m[2m:[0m Finished handling Event. Got Option<Action> None.
[2m2026-04-20T11:57:55.757780Z[0m [34mDEBUG[0m [1mrun[0m[2m:[0m[1mtick[0m[2m:[0m[1mhandle_app_event[0m[1m{[0m[3mapp_event[0m[2m=[0mEvent(Key(KeyEvent { code: Char('h'), modifiers: KeyModifiers(0x0), kind: Press, state: KeyEventState(0x0) }))[1m}[0m[2m:[0m [2mspalst_source::structs::app::handle_action[0m[2m:[0m Got AppEvent, passing to MenuThing...
[2m2026-04-20T11:57:55.757806Z[0m [35mTRACE[0m [1mrun[0m[2m:[0m[1mtick[0m[2m:[0m[1mhandle_app_event[0m[1m{[0m[3mapp_event[0m[2m=[0mEvent(Key(KeyEvent { code: Char('h'), modifiers: KeyModifiers(0x0), kind: Press, state: KeyEventState(0x0) }))[1m}[0m[2m:[0m [2mspalst_source::structs::app::handle_action[0m[2m:[0m Finished handling Event. Got Option<Action> None.
[2m2026-04-20T11:57:55.856981Z[0m [34mDEBUG[0m [1mrun[0m[2m:[0m[1mtick[0m[2m:[0m[1mhandle_app_event[0m[1m{[0m[3mapp_event[0m[2m=[0mEvent(Key(KeyEvent { code: Char('h'), modifiers: KeyModifiers(0x0), kind: Press, state: KeyEventState(0x0) }))[1m}[0m[2m:[0m [2mspalst_source::structs::app::handle_action[0m[2m:[0m Got AppEvent, passing to MenuThing...
[2m2026-04-20T11:57:55.857041Z[0m [35mTRACE[0m [1mrun[0m[2m:[0m[1mtick[0m[2m:[0m[1mhandle_app_event[0m[1m{[0m[3mapp_event[0m[2m=[0mEvent(Key(KeyEvent { code: Char('h'), modifiers: KeyModifiers(0x0), kind: Press, state: KeyEventState(0x0) }))[1m}[0m[2m:[0m [2mspalst_source::structs::app::handle_action[0m[2m:[0m Finished handling Event. Got Option<Action> None.
[2m2026-04-20T11:57:55.957123Z[0m [34mDEBUG[0m [1mrun[0m[2m:[0m[1mtick[0m[2m:[0m [2mspalst_source::structs::app::tick[0m[2m:[0m No Event in current tick. Passing AppEvent::Tick to MenuThing...
[2m2026-04-20T11:57:55.957219Z[0m [34mDEBUG[0m [1mrun[0m[2m:[0m[1mtick[0m[2m:[0m[1mhandle_app_event[0m[1m{[0m[3mapp_event[0m[2m=[0mTick[1m}[0m[2m:[0m [2mspalst_source::structs::app::handle_action[0m[2m:[0m Got AppEvent, passing to MenuThing...
[2m2026-04-20T11:57:55.957254Z[0m [35mTRACE[0m [1mrun[0m[2m:[0m[1mtick[0m[2m:[0m[1mhandle_app_event[0m[1m{[0m[3mapp_event[0m[2m=[0mTick[1m}[0m[2m:[0m [2mspalst_source::structs::app::handle_action[0m[2m:[0m Finished handling Event. Got Option<Action> None.
[2m2026-04-20T11:57:56.057605Z[0m [34mDEBUG[0m [1mrun[0m[2m:[0m[1mtick[0m[2m:[0m[1mhandle_app_event[0m[1m{[0m[3mapp_event[0m[2m=[0mEvent(Key(KeyEvent { code: Char('h'), modifiers: KeyModifiers(0x0), kind: Press, state: KeyEventState(0x0) }))[1m}[0m[2m:[0m [2mspalst_source::structs::app::handle_action[0m[2m:[0m Got AppEvent, passing to MenuThing...
[2m2026-04-20T11:57:56.057658Z[0m [35mTRACE[0m [1mrun[0m[2m:[0m[1mtick[0m[2m:[0m[1mhandle_app_event[0m[1m{[0m[3mapp_event[0m[2m=[0mEvent(Key(KeyEvent { code: Char('h'), modifiers: KeyModifiers(0x0), kind: Press, state: KeyEventState(0x0) }))[1m}[0m[2m:[0m [2mspalst_source::structs::app::handle_action[0m[2m:[0m Finished handling Event. Got Option<Action> None.
[2m2026-04-20T11:57:56.157656Z[0m [34mDEBUG[0m [1mrun[0m[2m:[0m[1mtick[0m[2m:[0m [2mspalst_source::structs::app::tick[0m[2m:[0m No Event in current tick. Passing AppEvent::Tick to MenuThing...
[2m2026-04-20T11:57:56.157747Z[0m [34mDEBUG[0m [1mrun[0m[2m:[0m[1mtick[0m[2m:[0m[1mhandle_app_event[0m[1m{[0m[3mapp_event[0m[2m=[0mTick[1m}[0m[2m:[0m [2mspalst_source::structs::app::handle_action[0m[2m:[0m Got AppEvent, passing to MenuThing...
[2m2026-04-20T11:57:56.157782Z[0m [35mTRACE[0m [1mrun[0m[2m:[0m[1mtick[0m[2m:[0m[1mhandle_app_event[0m[1m{[0m[3mapp_event[0m[2m=[0mTick[1m}[0m[2m:[0m [2mspalst_source::structs::app::handle_action[0m[2m:[0m Finished handling Event. Got Option<Action> None.
[2m2026-04-20T11:57:56.257111Z[0m [34mDEBUG[0m [1mrun[0m[2m:[0m[1mtick[0m[2m:[0m [2mspalst_source::structs::app::tick[0m[2m:[0m No Event in current tick. Passing AppEvent::Tick to MenuThing...
[2m2026-04-20T11:57:56.257173Z[0m [34mDEBUG[0m [1mrun[0m[2m:[0m[1mtick[0m[2m:[0m[1mhandle_app_event[0m[1m{[0m[3mapp_event[0m[2m=[0mTick[1m}[0m[2m:[0m [2mspalst_source::structs::app::handle_action[0m[2m:[0m Got AppEvent, passing to MenuThing...
[2m2026-04-20T11:57:56.257200Z[0m [35mTRACE[0m [1mrun[0m[2m:[0m[1mtick[0m[2m:[0m[1mhandle_app_event[0m[1m{[0m[3mapp_event[0m[2m=[0mTick[1m}[0m[2m:[0m [2mspalst_source::structs::app::handle_action[0m[2m:[0m Finished handling Event. Got Option<Action> None.
[2m2026-04-20T11:57:56.357536Z[0m [34mDEBUG[0m [1mrun[0m[2m:[0m[1mtick[0m[2m:[0m[1mhandle_app_event[0m[1m{[0m[3mapp_event[0m[2m=[0mEvent(Key(KeyEvent { code: Char('h'), modifiers: KeyModifiers(0x0), kind: Press, state: KeyEventState(0x0) }))[1m}[0m[2m:[0m [2mspalst_source::structs::app::handle_action[0m[2m:[0m Got AppEvent, passing to MenuThing...
[2m2026-04-20T11:57:56.357649Z[0m [35mTRACE[0m [1mrun[0m[2m:[0m[1mtick[0m[2m:[0m[1mhandle_app_event[0m[1m{[0m[3mapp_event[0m[2m=[0mEvent(Key(KeyEvent { code: Char('h'), modifiers: KeyModifiers(0x0), kind: Press, state: KeyEventState(0x0) }))[1m}[0m[2m:[0m [2mspalst_source::structs::app::handle_action[0m[2m:[0m Finished handling Event. Got Option<Action> None.
[2m2026-04-20T11:57:56.456802Z[0m [34mDEBUG[0m [1mrun[0m[2m:[0m[1mtick[0m[2m:[0m[1mhandle_app_event[0m[1m{[0m[3mapp_event[0m[2m=[0mEvent(Key(KeyEvent { code: Char('h'), modifiers: KeyModifiers(0x0), kind: Press, state: KeyEventState(0x0) }))[1m}[0m[2m:[0m [2mspalst_source::structs::app::handle_action[0m[2m:[0m Got AppEvent, passing to MenuThing...
[2m2026-04-20T11:57:56.456871Z[0m [35mTRACE[0m [1mrun[0m[2m:[0m[1mtick[0m[2m:[0m[1mhandle_app_event[0m[1m{[0m[3mapp_event[0m[2m=[0mEvent(Key(KeyEvent { code: Char('h'), modifiers: KeyModifiers(0x0), kind: Press, state: KeyEventState(0x0) }))[1m}[0m[2m:[0m [2mspalst_source::structs::app::handle_action[0m[2m:[0m Finished handling Event. Got Option<Action> None.
[2m2026-04-20T11:57:56.557207Z[0m [34mDEBUG[0m [1mrun[0m[2m:[0m[1mtick[0m[2m:[0m [2mspalst_source::structs::app::tick[0m[2m:[0m No Event in current tick. Passing AppEvent::Tick to MenuThing...
[2m2026-04-20T11:57:56.557305Z[0m [34mDEBUG[0m [1mrun[0m[2m:[0m[1mtick[0m[2m:[0m[1mhandle_app_event[0m[1m{[0m[3mapp_event[0m[2m=[0mTick[1m}[0m[2m:[0m [2mspalst_source::structs::app::handle_action[0m[2m:[0m Got AppEvent, passing to MenuThing...
[2m2026-04-20T11:57:56.557340Z[0m [35mTRACE[0m [1mrun[0m[2m:[0m[1mtick[0m[2m:[0m[1mhandle_app_event[0m[1m{[0m[3mapp_event[0m[2m=[0mTick[1m}[0m[2m:[0m [2mspalst_source::structs::app::handle_action[0m[2m:[0m Finished handling Event. Got Option<Action> None.
[2m2026-04-20T11:57:56.657941Z[0m [34mDEBUG[0m [1mrun[0m[2m:[0m[1mtick[0m[2m:[0m[1mhandle_app_event[0m[1m{[0m[3mapp_event[0m[2m=[0mEvent(Key(KeyEvent { code: Char('h'), modifiers: KeyModifiers(0x0), kind: Press, state: KeyEventState(0x0) }))[1m}[0m[2m:[0m [2mspalst_source::structs::app::handle_action[0m[2m:[0m Got AppEvent, passing to MenuThing...
[2m2026-04-20T11:57:56.658022Z[0m [35mTRACE[0m [1mrun[0m[2m:[0m[1mtick[0m[2m:[0m[1mhandle_app_event[0m[1m{[0m[3mapp_event[0m[2m=[0mEvent(Key(KeyEvent { code: Char('h'), modifiers: KeyModifiers(0x0), kind: Press, state: KeyEventState(0x0) }))[1m}[0m[2m:[0m [2mspalst_source::structs::app::handle_action[0m[2m:[0m Finished handling Event. Got Option<Action> None.
[2m2026-04-20T11:57:56.757610Z[0m [34mDEBUG[0m [1mrun[0m[2m:[0m[1mtick[0m[2m:[0m [2mspalst_source::structs::app::tick[0m[2m:[0m No Event in current tick. Passing AppEvent::Tick to MenuThing...
[2m2026-04-20T11:57:56.757750Z[0m [34mDEBUG[0m [1mrun[0m[2m:[0m[1mtick[0m[2m:[0m[1mhandle_app_event[0m[1m{[0m[3mapp_event[0m[2m=[0mTick[1m}[0m[2m:[0m [2mspalst_source::structs::app::handle_action[0m[2m:[0m Got AppEvent, passing to MenuThing...
[2m2026-04-20T11:57:56.757784Z[0m [35mTRACE[0m [1mrun[0m[2m:[0m[1mtick[0m[2m:[0m[1mhandle_app_event[0m[1m{[0m[3mapp_event[0m[2m=[0mTick[1m}[0m[2m:[0m [2mspalst_source::structs::app::handle_action[0m[2m:[0m Finished handling Event. Got Option<Action> None.
[2m2026-04-20T11:57:56.857285Z[0m [34mDEBUG[0m [1mrun[0m[2m:[0m[1mtick[0m[2m:[0m[1mhandle_app_event[0m[1m{[0m[3mapp_event[0m[2m=[0mEvent(Key(KeyEvent { code: Char('h'), modifiers: KeyModifiers(0x0), kind: Press, state: KeyEventState(0x0) }))[1m}[0m[2m:[0m [2mspalst_source::structs::app::handle_action[0m[2m:[0m Got AppEvent, passing to MenuThing...
[2m2026-04-20T11:57:56.857363Z[0m [35mTRACE[0m [1mrun[0m[2m:[0m[1mtick[0m[2m:[0m[1mhandle_app_event[0m[1m{[0m[3mapp_event[0m[2m=[0mEvent(Key(KeyEvent { code: Char('h'), modifiers: KeyModifiers(0x0), kind: Press, state: KeyEventState(0x0) }))[1m}[0m[2m:[0m [2mspalst_source::structs::app::handle_action[0m[2m:[0m Finished handling Event. Got Option<Action> None.
[2m2026-04-20T11:57:56.957753Z[0m [34mDEBUG[0m [1mrun[0m[2m:[0m[1mtick[0m[2m:[0m[1mhandle_app_event[0m[1m{[0m[3mapp_event[0m[2m=[0mEvent(Key(KeyEvent { code: Char('h'), modifiers: KeyModifiers(0x0), kind: Press, state: KeyEventState(0x0) }))[1m}[0m[2m:[0m [2mspalst_source::structs::app::handle_action[0m[2m:[0m Got AppEvent, passing to MenuThing...
[2m2026-04-20T11:57:56.957849Z[0m [35mTRACE[0m [1mrun[0m[2m:[0m[1mtick[0m[2m:[0m[1mhandle_app_event[0m[1m{[0m[3mapp_event[0m[2m=[0mEvent(Key(KeyEvent { code: Char('h'), modifiers: KeyModifiers(0x0), kind: Press, state: KeyEventState(0x0) }))[1m}[0m[2m:[0m [2mspalst_source::structs::app::handle_action[0m[2m:[0m Finished handling Event. Got Option<Action> None.
[2m2026-04-20T11:57:57.057093Z[0m [34mDEBUG[0m [1mrun[0m[2m:[0m[1mtick[0m[2m:[0m [2mspalst_source::structs::app::tick[0m[2m:[0m No Event in current tick. Passing AppEvent::Tick to MenuThing...
[2m2026-04-20T11:57:57.057195Z[0m [34mDEBUG[0m [1mrun[0m[2m:[0m[1mtick[0m[2m:[0m[1mhandle_app_event[0m[1m{[0m[3mapp_event[0m[2m=[0mTick[1m}[0m[2m:[0m [2mspalst_source::structs::app::handle_action[0m[2m:[0m Got AppEvent, passing to MenuThing...
[2m2026-04-20T11:57:57.057231Z[0m [35mTRACE[0m [1mrun[0m[2m:[0m[1mtick[0m[2m:[0m[1mhandle_app_event[0m[1m{[0m[3mapp_event[0m[2m=[0mTick[1m}[0m[2m:[0m [2mspalst_source::structs::app::handle_action[0m[2m:[0m Finished handling Event. Got Option<Action> None.
[2m2026-04-20T11:57:57.157704Z[0m [34mDEBUG[0m [1mrun[0m[2m:[0m[1mtick[0m[2m:[0m[1mhandle_app_event[0m[1m{[0m[3mapp_event[0m[2m=[0mEvent(Key(KeyEvent { code: Char('h'), modifiers: KeyModifiers(0x0), kind: Press, state: KeyEventState(0x0) }))[1m}[0m[2m:[0m [2mspalst_source::structs::app::handle_action[0m[2m:[0m Got AppEvent, passing to MenuThing...
[2m2026-04-20T11:57:57.157797Z[0m [35mTRACE[0m [1mrun[0m[2m:[0m[1mtick[0m[2m:[0m[1mhandle_app_event[0m[1m{[0m[3mapp_event[0m[2m=[0mEvent(Key(KeyEvent { code: Char('h'), modifiers: KeyModifiers(0x0), kind: Press, state: KeyEventState(0x0) }))[1m}[0m[2m:[0m [2mspalst_source::structs::app::handle_action[0m[2m:[0m Finished handling Event. Got Option<Action> None.
[2m2026-04-20T11:57:57.257120Z[0m [34mDEBUG[0m [1mrun[0m[2m:[0m[1mtick[0m[2m:[0m [2mspalst_source::structs::app::tick[0m[2m:[0m No Event in current tick. Passing AppEvent::Tick to MenuThing...
[2m2026-04-20T11:57:57.257182Z[0m [34mDEBUG[0m [1mrun[0m[2m:[0m[1mtick[0m[2m:[0m[1mhandle_app_event[0m[1m{[0m[3mapp_event[0m[2m=[0mTick[1m}[0m[2m:[0m [2mspalst_source::structs::app::handle_action[0m[2m:[0m Got AppEvent, passing to MenuThing...
[2m2026-04-20T11:57:57.257210Z[0m [35mTRACE[0m [1mrun[0m[2m:[0m[1mtick[0m[2m:[0m[1mhandle_app_event[0m[1m{[0m[3mapp_event[0m[2m=[0mTick[1m}[0m[2m:[0m [2mspalst_source::structs::app::handle_action[0m[2m:[0m Finished handling Event. Got Option<Action> None.
[2m2026-04-20T11:57:57.357588Z[0m [34mDEBUG[0m [1mrun[0m[2m:[0m[1mtick[0m[2m:[0m[1mhandle_app_event[0m[1m{[0m[3mapp_event[0m[2m=[0mEvent(Key(KeyEvent { code: Char('h'), modifiers: KeyModifiers(0x0), kind: Press, state: KeyEventState(0x0) }))[1m}[0m[2m:[0m [2mspalst_source::structs::app::handle_action[0m[2m:[0m Got AppEvent, passing to MenuThing...
[2m2026-04-20T11:57:57.357726Z[0m [35mTRACE[0m [1mrun[0m[2m:[0m[1mtick[0m[2m:[0m[1mhandle_app_event[0m[1m{[0m[3mapp_event[0m[2m=[0mEvent(Key(KeyEvent { code: Char('h'), modifiers: KeyModifiers(0x0), kind: Press, state: KeyEventState(0x0) }))[1m}[0m[2m:[0m [2mspalst_source::structs::app::handle_action[0m[2m:[0m Finished handling Event. Got Option<Action> None.
[2m2026-04-20T11:57:57.457261Z[0m [34mDEBUG[0m [1mrun[0m[2m:[0m[1mtick[0m[2m:[0m [2mspalst_source::structs::app::tick[0m[2m:[0m No Event in current tick. Passing AppEvent::Tick to MenuThing...
[2m2026-04-20T11:57:57.457374Z[0m [34mDEBUG[0m [1mrun[0m[2m:[0m[1mtick[0m[2m:[0m[1mhandle_app_event[0m[1m{[0m[3mapp_event[0m[2m=[0mTick[1m}[0m[2m:[0m [2mspalst_source::structs::app::handle_action[0m[2m:[0m Got AppEvent, passing to MenuThing...
[2m2026-04-20T11:57:57.457407Z[0m [35mTRACE[0m [1mrun[0m[2m:[0m[1mtick[0m[2m:[0m[1mhandle_app_event[0m[1m{[0m[3mapp_event[0m[2m=[0mTick[1m}[0m[2m:[0m [2mspalst_source::structs::app::handle_action[0m[2m:[0m Finished handling Event. Got Option<Action> None.
[2m2026-04-20T11:57:57.557143Z[0m [34mDEBUG[0m [1mrun[0m[2m:[0m[1mtick[0m[2m:[0m[1mhandle_app_event[0m[1m{[0m[3mapp_event[0m[2m=[0mEvent(Key(KeyEvent { code: Char('h'), modifiers: KeyModifiers(0x0), kind: Press, state: KeyEventState(0x0) }))[1m}[0m[2m:[0m [2mspalst_source::structs::app::handle_action[0m[2m:[0m Got AppEvent, passing to MenuThing...
[2m2026-04-20T11:57:57.557201Z[0m [35mTRACE[0m [1mrun[0m[2m:[0m[1mtick[0m[2m:[0m[1mhandle_app_event[0m[1m{[0m[3mapp_event[0m[2m=[0mEvent(Key(KeyEvent { code: Char('h'), modifiers: KeyModifiers(0x0), kind: Press, state: KeyEventState(0x0) }))[1m}[0m[2m:[0m [2mspalst_source::structs::app::handle_action[0m[2m:[0m Finished handling Event. Got Option<Action> None.
[2m2026-04-20T11:57:57.558726Z[0m [35mTRACE[0m [2mspalst_source::structs::logger[0m[2m:[0m Dropping Logger...
[2m2026-04-20T11:57:57.558751Z[0m [35mTRACE[0m [2mspalst_source::structs::logger[0m[2m:[0m clean_current_file_after_use was not true. Exiting...
